

# mysql -h localhost -u root
Welcome to the MariaDB monitor.  Commands end with ; or \g.
Your MariaDB connection id is 10
Server version: 10.4.28-MariaDB mariadb.org binary distribution

Copyright (c) 2000, 2018, Oracle, MariaDB Corporation Ab and others.

Type 'help;' or '\h' for help. Type '\c' to clear the current input statement.

MariaDB [(none)]> \h

General information about MariaDB can be found at
http://mariadb.org

List of all client commands:
Note that all text commands must be first on line and end with ';'
?         (\?) Synonym for `help'.
clear     (\c) Clear the current input statement.
connect   (\r) Reconnect to the server. Optional arguments are db and host.
delimiter (\d) Set statement delimiter.
edit      (\e) Edit command with $EDITOR.
ego       (\G) Send command to MariaDB server, display result vertically.
exit      (\q) Exit mysql. Same as quit.
go        (\g) Send command to MariaDB server.
help      (\h) Display this help.
nopager   (\n) Disable pager, print to stdout.
notee     (\t) Don't write into outfile.
pager     (\P) Set PAGER [to_pager]. Print the query results via PAGER.
print     (\p) Print current command.
prompt    (\R) Change your mysql prompt.
quit      (\q) Quit mysql.
rehash    (\#) Rebuild completion hash.
source    (\.) Execute an SQL script file. Takes a file name as an argument.
status    (\s) Get status information from the server.
system    (\!) Execute a system shell command.
tee       (\T) Set outfile [to_outfile]. Append everything into given outfile.
use       (\u) Use another database. Takes database name as argument.
charset   (\C) Switch to another charset. Might be needed for processing binlog with multi-byte charsets.
warnings  (\W) Show warnings after every statement.
nowarning (\w) Don't show warnings after every statement.

For server side help, type 'help contents'

MariaDB [(none)]> help create database;
Name: 'CREATE DATABASE'
Description:
Syntax
------
CREATE [OR REPLACE] {DATABASE | SCHEMA} [IF NOT EXISTS]
db_name
 [create_specification] ...

create_specification:
 [DEFAULT] CHARACTER SET [=] charset_name
 | [DEFAULT] COLLATE [=] collation_name

Description
-----------
CREATE DATABASE creates a database with the given name. To
use this statement, you need the CREATE privilege for the
database. CREATE SCHEMA is a synonym for CREATE DATABASE.

For valid identifiers to use as database names, see
Identifier Names.

OR REPLACE

The OR REPLACE clause was added in MariaDB 10.1.3

If the optional OR REPLACE clause is used, it acts as a
shortcut for:

DROP DATABASE IF EXISTS db_name;

CREATE DATABASE db_name ...;

IF NOT EXISTS

When the IF NOT EXISTS clause is used, MariaDB will return a
warning instead of an error if the specified database
already exists.

Examples
--------
CREATE DATABASE db1;

Query OK, 1 row affected (0.18 sec)

CREATE DATABASE db1;

ERROR 1007 (HY000): Can't create database 'db1'; database
exists

CREATE OR REPLACE DATABASE db1;
Query OK, 2 rows affected (0.00 sec)

CREATE DATABASE IF NOT EXISTS db1;
Query OK, 1 row affected, 1 warning (0.01 sec)

SHOW WARNINGS;
+-------+------+----------------------------------------------+
| Level | Code | Message |
+-------+------+----------------------------------------------+
| Note | 1007 | Can't create database 'db1';
 database exists |
+-------+------+----------------------------------------------+

Setting the character sets and collation. See Setting
Character Sets and Collations for more details.

CREATE DATABASE czech_slovak_names
 CHARACTER SET = 'keybcs2'
 COLLATE = 'keybcs2_bin';



URL: https://mariadb.com/kb/en/create-database/
MariaDB [(none)]> \q
Bye

Msi@JAITH-PC c:\xampp
# mysql -h localhost -u root
Welcome to the MariaDB monitor.  Commands end with ; or \g.
Your MariaDB connection id is 11
Server version: 10.4.28-MariaDB mariadb.org binary distribution

Copyright (c) 2000, 2018, Oracle, MariaDB Corporation Ab and others.

Type 'help;' or '\h' for help. Type '\c' to clear the current input statement.

MariaDB [(none)]> CREATE DATABASE MYDB;
Query OK, 1 row affected (0.002 sec)

MariaDB [(none)]> SHOW DATABASES;
+--------------------+
| Database           |
+--------------------+
| information_schema |
| mydb               |
| mysql              |
| performance_schema |
| phpmyadmin         |
| test               |
+--------------------+
6 rows in set (0.001 sec)

MariaDB [(none)]> USE MYDB;
Database changed
MariaDB [MYDB]> SHOW TABLES;
Empty set (0.001 sec)

MariaDB [MYDB]>